(---------------------------------------------------------------------)
(                                                                     )
(    Allegro Netrev Import Logic                                      )
(                                                                     )
(    Drawing          : Photon_4Layer_shrunk.brd                      )
(    Software Version : 17.0P009                                      )
(    Date/Time        : Sun Nov 22 20:57:17 2015                      )
(                                                                     )
(---------------------------------------------------------------------)


------ Directives ------------

Ripup etch:                  Yes
Ripup delete first segment:  No
Ripup retain bondwire:       No
Ripup symbols:               IfSame
Missing symbol has error:    No
DRC update:                  Yes
Schematic directory:         'C:/Users/Madison/Desktop/gc/Photon_Dev/4 Layer'
Design Directory:            '.'
Old design name:             'C:/Users/Madison/Desktop/gc/Photon_Dev/Photon_4Layer_shrunk.brd'
New design name:             'C:/Users/Madison/Desktop/gc/Photon_Dev/Photon_4Layer_shrunk.brd'

CmdLine: netrev -$ -i C:/Users/Madison/Desktop/gc/Photon_Dev/4 Layer -x -y 2 -q netrev_constraint_report.xml C:/Users/Madison/Desktop/gc/Photon_Dev/#Taaaael07936.tmp

------ Preparing to read pst files ------

Starting to read C:/Users/Madison/Desktop/gc/Photon_Dev/4 Layer/pstchip.dat 
   Finished reading C:/Users/Madison/Desktop/gc/Photon_Dev/4 Layer/pstchip.dat (00:00:00.02)
Starting to read C:/Users/Madison/Desktop/gc/Photon_Dev/4 Layer/pstxprt.dat 
   Finished reading C:/Users/Madison/Desktop/gc/Photon_Dev/4 Layer/pstxprt.dat (00:00:00.00)
Starting to read C:/Users/Madison/Desktop/gc/Photon_Dev/4 Layer/pstxnet.dat 
   Finished reading C:/Users/Madison/Desktop/gc/Photon_Dev/4 Layer/pstxnet.dat (00:00:00.00)

------ Oversights/Warnings/Errors ------


------ Library Paths ------
MODULEPATH =  . 
           C:/Cadence/SPB_17.0/share/local/pcb/modules 

PSMPATH =  . 
           symbols 
           .. 
           ../symbols 
           C:/Cadence/SPB_17.0/share/local/pcb/symbols 
           C:/Cadence/SPB_17.0/share/pcb/pcb_lib/symbols 
           C:/Cadence/SPB_17.0/share/pcb/allegrolib/symbols 

PADPATH =  . 
           symbols 
           .. 
           ../symbols 
           C:/Cadence/SPB_17.0/share/local/pcb/padstacks 
           C:/Cadence/SPB_17.0/share/pcb/pcb_lib/symbols 
           C:/Cadence/SPB_17.0/share/pcb/allegrolib/symbols 


------ Summary Statistics ------


netrev run on Nov 22 20:57:17 2015
   DESIGN NAME : 'PROTON_DEV'
   PACKAGING ON Feb  9 2015 06:09:36

   COMPILE 'logic'
   CHECK_PIN_NAMES OFF
   CROSS_REFERENCE OFF
   FEEDBACK OFF
   INCREMENTAL OFF
   INTERFACE_TYPE PHYSICAL
   MAX_ERRORS 500
   MERGE_MINIMUM 5
   NET_NAME_CHARS '#%&()*+-./:=>?@[]^_`|'
   NET_NAME_LENGTH 24
   OVERSIGHTS ON
   REPLACE_CHECK OFF
   SINGLE_NODE_NETS ON
   SPLIT_MINIMUM 0
   SUPPRESS   20
   WARNINGS ON

 No error detected
 No oversight detected
 No warning detected

cpu time      0:00:26
elapsed time  0:00:00

